{
    "user_name": "JunNishimura",
    "passward": "test"
}