{
    "user_name": "JunNishimura",
    "password": "test"
}